[09:46:43] Encountered 403 Forbidden with reason "quotaExceeded"
[09:46:44] Encountered 403 Forbidden with reason "quotaExceeded"
[09:46:45] Encountered 403 Forbidden with reason "quotaExceeded"
[09:46:47] Encountered 403 Forbidden with reason "quotaExceeded"
[09:46:48] Encountered 403 Forbidden with reason "quotaExceeded"
[09:46:49] Encountered 403 Forbidden with reason "quotaExceeded"
[09:46:51] Encountered 403 Forbidden with reason "quotaExceeded"
[09:46:52] Encountered 403 Forbidden with reason "quotaExceeded"
[09:46:53] Encountered 403 Forbidden with reason "quotaExceeded"
[09:46:54] Encountered 403 Forbidden with reason "quotaExceeded"
[09:46:56] Encountered 403 Forbidden with reason "quotaExceeded"
[09:46:57] Encountered 403 Forbidden with reason "quotaExceeded"
[09:46:59] Encountered 403 Forbidden with reason "quotaExceeded"
[09:47:00] Encountered 403 Forbidden with reason "quotaExceeded"
[09:47:02] Encountered 403 Forbidden with reason "quotaExceeded"
[09:47:03] Encountered 403 Forbidden with reason "quotaExceeded"
[09:47:04] Encountered 403 Forbidden with reason "quotaExceeded"
[09:47:05] Encountered 403 Forbidden with reason "quotaExceeded"
[09:47:07] Encountered 403 Forbidden with reason "quotaExceeded"
[09:47:08] Encountered 403 Forbidden with reason "quotaExceeded"
[09:47:09] Encountered 403 Forbidden with reason "quotaExceeded"
[09:47:10] Encountered 403 Forbidden with reason "quotaExceeded"
[09:47:12] Encountered 403 Forbidden with reason "quotaExceeded"
[09:47:13] Encountered 403 Forbidden with reason "quotaExceeded"
[09:47:14] Encountered 403 Forbidden with reason "quotaExceeded"
[09:47:15] Encountered 403 Forbidden with reason "quotaExceeded"
[09:47:17] Encountered 403 Forbidden with reason "quotaExceeded"
[09:47:18] Encountered 403 Forbidden with reason "quotaExceeded"
[09:47:19] Encountered 403 Forbidden with reason "quotaExceeded"
[09:47:20] Encountered 403 Forbidden with reason "quotaExceeded"
[09:47:22] Encountered 403 Forbidden with reason "quotaExceeded"
[09:47:23] Encountered 403 Forbidden with reason "quotaExceeded"
[09:47:24] Encountered 403 Forbidden with reason "quotaExceeded"
[09:47:25] Encountered 403 Forbidden with reason "quotaExceeded"
[09:47:27] Encountered 403 Forbidden with reason "quotaExceeded"
[09:47:28] Encountered 403 Forbidden with reason "quotaExceeded"
[09:47:29] Encountered 403 Forbidden with reason "quotaExceeded"
[09:47:30] Encountered 403 Forbidden with reason "quotaExceeded"
[09:47:32] Encountered 403 Forbidden with reason "quotaExceeded"
[09:47:33] Encountered 403 Forbidden with reason "quotaExceeded"
[09:47:34] Encountered 403 Forbidden with reason "quotaExceeded"
[09:47:35] Encountered 403 Forbidden with reason "quotaExceeded"
[09:47:37] Encountered 403 Forbidden with reason "quotaExceeded"
[09:47:38] Encountered 403 Forbidden with reason "quotaExceeded"
[09:47:39] Encountered 403 Forbidden with reason "quotaExceeded"
[09:47:40] Encountered 403 Forbidden with reason "quotaExceeded"
[09:47:42] Encountered 403 Forbidden with reason "quotaExceeded"
[09:47:43] Encountered 403 Forbidden with reason "quotaExceeded"
[09:47:44] Encountered 403 Forbidden with reason "quotaExceeded"
[09:47:45] Encountered 403 Forbidden with reason "quotaExceeded"
[09:47:47] Encountered 403 Forbidden with reason "quotaExceeded"
[09:47:48] Encountered 403 Forbidden with reason "quotaExceeded"
[09:47:49] Encountered 403 Forbidden with reason "quotaExceeded"
[09:47:50] Encountered 403 Forbidden with reason "quotaExceeded"
[09:47:52] Encountered 403 Forbidden with reason "quotaExceeded"
[09:47:53] Encountered 403 Forbidden with reason "quotaExceeded"
[09:47:54] Encountered 403 Forbidden with reason "quotaExceeded"
[09:47:55] Encountered 403 Forbidden with reason "quotaExceeded"
[09:47:57] Encountered 403 Forbidden with reason "quotaExceeded"
[09:47:58] Encountered 403 Forbidden with reason "quotaExceeded"
[09:47:59] Encountered 403 Forbidden with reason "quotaExceeded"
[09:48:00] Encountered 403 Forbidden with reason "quotaExceeded"
[09:48:02] Encountered 403 Forbidden with reason "quotaExceeded"
[09:48:03] Encountered 403 Forbidden with reason "quotaExceeded"
[09:48:04] Encountered 403 Forbidden with reason "quotaExceeded"
[09:48:05] Encountered 403 Forbidden with reason "quotaExceeded"
[09:48:07] Encountered 403 Forbidden with reason "quotaExceeded"
[09:48:08] Encountered 403 Forbidden with reason "quotaExceeded"
[09:48:09] Encountered 403 Forbidden with reason "quotaExceeded"
[09:48:10] Encountered 403 Forbidden with reason "quotaExceeded"
[09:48:12] Encountered 403 Forbidden with reason "quotaExceeded"
[09:48:13] Encountered 403 Forbidden with reason "quotaExceeded"
[09:48:14] Encountered 403 Forbidden with reason "quotaExceeded"
[09:48:15] Encountered 403 Forbidden with reason "quotaExceeded"
[09:48:15] Encountered 403 Forbidden with reason "quotaExceeded"
[09:48:16] Encountered 403 Forbidden with reason "quotaExceeded"
[09:48:16] Encountered 403 Forbidden with reason "quotaExceeded"
[09:48:18] Encountered 403 Forbidden with reason "quotaExceeded"
[09:48:18] Encountered 403 Forbidden with reason "quotaExceeded"
[09:48:19] Encountered 403 Forbidden with reason "quotaExceeded"
[09:48:19] Encountered 403 Forbidden with reason "quotaExceeded"
[09:48:20] Encountered 403 Forbidden with reason "quotaExceeded"
[09:48:20] Encountered 403 Forbidden with reason "quotaExceeded"
[09:48:21] Encountered 403 Forbidden with reason "quotaExceeded"
[09:48:21] Encountered 403 Forbidden with reason "quotaExceeded"
[09:48:23] Encountered 403 Forbidden with reason "quotaExceeded"
[09:48:23] Encountered 403 Forbidden with reason "quotaExceeded"
[09:48:24] Encountered 403 Forbidden with reason "quotaExceeded"
[09:48:24] Encountered 403 Forbidden with reason "quotaExceeded"
[09:48:25] Encountered 403 Forbidden with reason "quotaExceeded"
[09:48:26] Encountered 403 Forbidden with reason "quotaExceeded"
[09:48:28] Encountered 403 Forbidden with reason "quotaExceeded"
[09:48:29] Encountered 403 Forbidden with reason "quotaExceeded"
[09:48:29] Encountered 403 Forbidden with reason "quotaExceeded"
[09:48:30] Encountered 403 Forbidden with reason "quotaExceeded"
[09:48:30] Encountered 403 Forbidden with reason "quotaExceeded"
[09:48:31] Encountered 403 Forbidden with reason "quotaExceeded"
[09:48:32] Encountered 403 Forbidden with reason "quotaExceeded"
[09:48:33] Encountered 403 Forbidden with reason "quotaExceeded"
[09:48:33] Encountered 403 Forbidden with reason "quotaExceeded"
[09:48:34] Encountered 403 Forbidden with reason "quotaExceeded"
[09:48:34] Encountered 403 Forbidden with reason "quotaExceeded"
[09:48:35] Encountered 403 Forbidden with reason "quotaExceeded"
[09:48:36] Encountered 403 Forbidden with reason "quotaExceeded"
[09:48:38] Encountered 403 Forbidden with reason "quotaExceeded"
[09:48:39] Encountered 403 Forbidden with reason "quotaExceeded"
[09:48:40] Encountered 403 Forbidden with reason "quotaExceeded"
[09:48:41] Encountered 403 Forbidden with reason "quotaExceeded"
[09:48:43] Encountered 403 Forbidden with reason "quotaExceeded"
[09:48:44] Encountered 403 Forbidden with reason "quotaExceeded"
[09:48:45] Encountered 403 Forbidden with reason "quotaExceeded"
[09:48:45] Encountered 403 Forbidden with reason "quotaExceeded"
[09:48:47] Encountered 403 Forbidden with reason "quotaExceeded"
[09:48:47] Encountered 403 Forbidden with reason "quotaExceeded"
[09:48:48] Encountered 403 Forbidden with reason "quotaExceeded"
[09:48:48] Encountered 403 Forbidden with reason "quotaExceeded"
[09:48:49] Encountered 403 Forbidden with reason "quotaExceeded"
[09:48:50] Encountered 403 Forbidden with reason "quotaExceeded"
[09:48:50] Encountered 403 Forbidden with reason "quotaExceeded"
[09:48:51] Encountered 403 Forbidden with reason "quotaExceeded"
[09:48:51] Encountered 403 Forbidden with reason "quotaExceeded"
[09:48:52] Encountered 403 Forbidden with reason "quotaExceeded"
[09:48:53] Encountered 403 Forbidden with reason "quotaExceeded"
[09:48:54] Encountered 403 Forbidden with reason "quotaExceeded"
[09:48:55] Encountered 403 Forbidden with reason "quotaExceeded"
[09:48:56] Encountered 403 Forbidden with reason "quotaExceeded"
[09:48:58] Encountered 403 Forbidden with reason "quotaExceeded"
[09:48:59] Encountered 403 Forbidden with reason "quotaExceeded"
[09:49:00] Encountered 403 Forbidden with reason "quotaExceeded"
[09:49:01] Encountered 403 Forbidden with reason "quotaExceeded"
[09:49:03] Encountered 403 Forbidden with reason "quotaExceeded"
[09:49:04] Encountered 403 Forbidden with reason "quotaExceeded"
[09:49:05] Encountered 403 Forbidden with reason "quotaExceeded"
[09:49:06] Encountered 403 Forbidden with reason "quotaExceeded"
[09:49:07] Encountered 403 Forbidden with reason "quotaExceeded"
[09:49:09] Encountered 403 Forbidden with reason "quotaExceeded"
[09:49:10] Encountered 403 Forbidden with reason "quotaExceeded"
[09:49:11] Encountered 403 Forbidden with reason "quotaExceeded"
[09:49:12] Encountered 403 Forbidden with reason "quotaExceeded"
[09:49:14] Encountered 403 Forbidden with reason "quotaExceeded"
[09:49:15] Encountered 403 Forbidden with reason "quotaExceeded"
[09:49:16] Encountered 403 Forbidden with reason "quotaExceeded"
[09:49:17] Encountered 403 Forbidden with reason "quotaExceeded"
[09:49:18] Encountered 403 Forbidden with reason "quotaExceeded"
[09:49:20] Encountered 403 Forbidden with reason "quotaExceeded"
[09:49:21] Encountered 403 Forbidden with reason "quotaExceeded"
[09:49:22] Encountered 403 Forbidden with reason "quotaExceeded"
[09:49:23] Encountered 403 Forbidden with reason "quotaExceeded"
[09:49:25] Encountered 403 Forbidden with reason "quotaExceeded"
[09:49:26] Encountered 403 Forbidden with reason "quotaExceeded"
[09:49:27] Encountered 403 Forbidden with reason "quotaExceeded"
[09:49:28] Encountered 403 Forbidden with reason "quotaExceeded"
[09:49:30] Encountered 403 Forbidden with reason "quotaExceeded"
[09:49:31] Encountered 403 Forbidden with reason "quotaExceeded"
[09:49:32] Encountered 403 Forbidden with reason "quotaExceeded"
[09:49:33] Encountered 403 Forbidden with reason "quotaExceeded"
[09:49:35] Encountered 403 Forbidden with reason "quotaExceeded"
[09:49:36] Encountered 403 Forbidden with reason "quotaExceeded"
[09:49:37] Encountered 403 Forbidden with reason "quotaExceeded"
[09:49:38] Encountered 403 Forbidden with reason "quotaExceeded"
[09:49:40] Encountered 403 Forbidden with reason "quotaExceeded"
[09:49:41] Encountered 403 Forbidden with reason "quotaExceeded"
[09:49:42] Encountered 403 Forbidden with reason "quotaExceeded"
[09:49:43] Encountered 403 Forbidden with reason "quotaExceeded"
[09:49:44] Encountered 403 Forbidden with reason "quotaExceeded"
[09:49:46] Encountered 403 Forbidden with reason "quotaExceeded"
[09:49:47] Encountered 403 Forbidden with reason "quotaExceeded"
[09:49:48] Encountered 403 Forbidden with reason "quotaExceeded"
[09:49:49] Encountered 403 Forbidden with reason "quotaExceeded"
[09:49:51] Encountered 403 Forbidden with reason "quotaExceeded"
[09:49:52] Encountered 403 Forbidden with reason "quotaExceeded"
[09:49:53] Encountered 403 Forbidden with reason "quotaExceeded"
[09:49:54] Encountered 403 Forbidden with reason "quotaExceeded"
[09:49:55] Encountered 403 Forbidden with reason "quotaExceeded"
[09:49:56] Encountered 403 Forbidden with reason "quotaExceeded"
[09:49:57] Encountered 403 Forbidden with reason "quotaExceeded"
[09:49:57] Encountered 403 Forbidden with reason "quotaExceeded"
[09:49:58] Encountered 403 Forbidden with reason "quotaExceeded"
[09:49:58] Encountered 403 Forbidden with reason "quotaExceeded"
[09:49:59] Encountered 403 Forbidden with reason "quotaExceeded"
[09:49:59] Encountered 403 Forbidden with reason "quotaExceeded"
[09:50:00] Encountered 403 Forbidden with reason "quotaExceeded"
[09:50:02] Encountered 403 Forbidden with reason "quotaExceeded"
[09:50:03] Encountered 403 Forbidden with reason "quotaExceeded"
[09:50:04] Encountered 403 Forbidden with reason "quotaExceeded"
[09:50:05] Encountered 403 Forbidden with reason "quotaExceeded"
[09:50:07] Encountered 403 Forbidden with reason "quotaExceeded"
[09:50:08] Encountered 403 Forbidden with reason "quotaExceeded"
[09:50:09] Encountered 403 Forbidden with reason "quotaExceeded"
[09:50:10] Encountered 403 Forbidden with reason "quotaExceeded"
[09:50:12] Encountered 403 Forbidden with reason "quotaExceeded"
[09:50:13] Encountered 403 Forbidden with reason "quotaExceeded"
[09:50:14] Encountered 403 Forbidden with reason "quotaExceeded"
[09:50:15] Encountered 403 Forbidden with reason "quotaExceeded"
[09:50:17] Encountered 403 Forbidden with reason "quotaExceeded"
[09:50:18] Encountered 403 Forbidden with reason "quotaExceeded"
[09:50:19] Encountered 403 Forbidden with reason "quotaExceeded"
[09:50:20] Encountered 403 Forbidden with reason "quotaExceeded"
[09:50:21] Encountered 403 Forbidden with reason "quotaExceeded"
[09:50:23] Encountered 403 Forbidden with reason "quotaExceeded"
[09:50:24] Encountered 403 Forbidden with reason "quotaExceeded"
[09:50:25] Encountered 403 Forbidden with reason "quotaExceeded"
[09:50:26] Encountered 403 Forbidden with reason "quotaExceeded"
[09:50:28] Encountered 403 Forbidden with reason "quotaExceeded"
[09:50:29] Encountered 403 Forbidden with reason "quotaExceeded"
[09:50:30] Encountered 403 Forbidden with reason "quotaExceeded"
[09:50:31] Encountered 403 Forbidden with reason "quotaExceeded"
[09:50:33] Encountered 403 Forbidden with reason "quotaExceeded"
[09:50:34] Encountered 403 Forbidden with reason "quotaExceeded"
[09:50:35] Encountered 403 Forbidden with reason "quotaExceeded"
[09:50:36] Encountered 403 Forbidden with reason "quotaExceeded"
[09:50:38] Encountered 403 Forbidden with reason "quotaExceeded"
[09:50:39] Encountered 403 Forbidden with reason "quotaExceeded"
[09:50:40] Encountered 403 Forbidden with reason "quotaExceeded"
[09:50:41] Encountered 403 Forbidden with reason "quotaExceeded"
[09:50:42] Encountered 403 Forbidden with reason "quotaExceeded"
[09:50:44] Encountered 403 Forbidden with reason "quotaExceeded"
[09:50:45] Encountered 403 Forbidden with reason "quotaExceeded"
[09:50:46] Encountered 403 Forbidden with reason "quotaExceeded"
[09:50:47] Encountered 403 Forbidden with reason "quotaExceeded"
[09:50:48] Encountered 403 Forbidden with reason "quotaExceeded"
[09:50:50] Encountered 403 Forbidden with reason "quotaExceeded"
[09:50:51] Encountered 403 Forbidden with reason "quotaExceeded"
[09:50:52] Encountered 403 Forbidden with reason "quotaExceeded"
[09:50:53] Encountered 403 Forbidden with reason "quotaExceeded"
[09:50:55] Encountered 403 Forbidden with reason "quotaExceeded"
[09:50:56] Encountered 403 Forbidden with reason "quotaExceeded"
[09:50:57] Encountered 403 Forbidden with reason "quotaExceeded"
[09:50:58] Encountered 403 Forbidden with reason "quotaExceeded"
[09:50:59] Encountered 403 Forbidden with reason "quotaExceeded"
[09:51:01] Encountered 403 Forbidden with reason "quotaExceeded"
[09:51:02] Encountered 403 Forbidden with reason "quotaExceeded"
[09:51:03] Encountered 403 Forbidden with reason "quotaExceeded"
[09:51:04] Encountered 403 Forbidden with reason "quotaExceeded"
[09:51:06] Encountered 403 Forbidden with reason "quotaExceeded"
[09:51:07] Encountered 403 Forbidden with reason "quotaExceeded"
[09:51:08] Encountered 403 Forbidden with reason "quotaExceeded"
[09:51:09] Encountered 403 Forbidden with reason "quotaExceeded"
[09:51:10] Encountered 403 Forbidden with reason "quotaExceeded"
[09:51:12] Encountered 403 Forbidden with reason "quotaExceeded"
[09:51:13] Encountered 403 Forbidden with reason "quotaExceeded"
[09:51:14] Encountered 403 Forbidden with reason "quotaExceeded"
[09:51:15] Encountered 403 Forbidden with reason "quotaExceeded"
[09:51:17] Encountered 403 Forbidden with reason "quotaExceeded"
[09:51:18] Encountered 403 Forbidden with reason "quotaExceeded"
[09:51:19] Encountered 403 Forbidden with reason "quotaExceeded"
[09:51:20] Encountered 403 Forbidden with reason "quotaExceeded"
[09:51:22] Encountered 403 Forbidden with reason "quotaExceeded"
[09:51:23] Encountered 403 Forbidden with reason "quotaExceeded"
[09:51:24] Encountered 403 Forbidden with reason "quotaExceeded"
[09:51:25] Encountered 403 Forbidden with reason "quotaExceeded"
[09:51:26] Encountered 403 Forbidden with reason "quotaExceeded"
[09:51:28] Encountered 403 Forbidden with reason "quotaExceeded"
[09:51:29] Encountered 403 Forbidden with reason "quotaExceeded"
[09:51:30] Encountered 403 Forbidden with reason "quotaExceeded"
[09:51:31] Encountered 403 Forbidden with reason "quotaExceeded"
[09:51:33] Encountered 403 Forbidden with reason "quotaExceeded"
[09:51:34] Encountered 403 Forbidden with reason "quotaExceeded"
[09:51:35] Encountered 403 Forbidden with reason "quotaExceeded"
[09:51:36] Encountered 403 Forbidden with reason "quotaExceeded"
[09:51:38] Encountered 403 Forbidden with reason "quotaExceeded"
[09:51:39] Encountered 403 Forbidden with reason "quotaExceeded"
[09:51:40] Encountered 403 Forbidden with reason "quotaExceeded"
[09:51:41] Encountered 403 Forbidden with reason "quotaExceeded"
[09:51:43] Encountered 403 Forbidden with reason "quotaExceeded"
[09:51:44] Encountered 403 Forbidden with reason "quotaExceeded"
[09:51:45] Encountered 403 Forbidden with reason "quotaExceeded"
[09:51:46] Encountered 403 Forbidden with reason "quotaExceeded"
[09:51:48] Encountered 403 Forbidden with reason "quotaExceeded"
[09:51:49] Encountered 403 Forbidden with reason "quotaExceeded"
[09:51:50] Encountered 403 Forbidden with reason "quotaExceeded"
[09:51:51] Encountered 403 Forbidden with reason "quotaExceeded"
[09:51:52] Encountered 403 Forbidden with reason "quotaExceeded"
[09:51:54] Encountered 403 Forbidden with reason "quotaExceeded"
[09:51:55] Encountered 403 Forbidden with reason "quotaExceeded"
[09:51:56] Encountered 403 Forbidden with reason "quotaExceeded"
[09:51:57] Encountered 403 Forbidden with reason "quotaExceeded"
[09:51:59] Encountered 403 Forbidden with reason "quotaExceeded"
[09:52:00] Encountered 403 Forbidden with reason "quotaExceeded"
[09:52:01] Encountered 403 Forbidden with reason "quotaExceeded"
[09:52:02] Encountered 403 Forbidden with reason "quotaExceeded"
[09:52:03] Encountered 403 Forbidden with reason "quotaExceeded"
[09:52:05] Encountered 403 Forbidden with reason "quotaExceeded"
[09:52:06] Encountered 403 Forbidden with reason "quotaExceeded"
[09:52:07] Encountered 403 Forbidden with reason "quotaExceeded"
[09:52:08] Encountered 403 Forbidden with reason "quotaExceeded"
[09:52:10] Encountered 403 Forbidden with reason "quotaExceeded"
[09:52:11] Encountered 403 Forbidden with reason "quotaExceeded"
[09:52:12] Encountered 403 Forbidden with reason "quotaExceeded"
[09:52:13] Encountered 403 Forbidden with reason "quotaExceeded"
[09:56:29] Encountered 403 Forbidden with reason "quotaExceeded"
[10:06:05] Encountered 403 Forbidden with reason "quotaExceeded"
[10:06:35] Encountered 403 Forbidden with reason "quotaExceeded"
[10:15:20] Encountered 403 Forbidden with reason "quotaExceeded"
[10:15:21] Encountered 403 Forbidden with reason "quotaExceeded"
[11:30:55] Retrying (Retry(total=2, connect=None, read=None, redirect=None, status=None)) after connection broken by 'NewConnectionError('<urllib3.connection.HTTPConnection object at 0x000001A99F0E22F0>: Failed to establish a new connection: [WinError 10061] No connection could be made because the target machine actively refused it')': /session/89d8ca15bbd70f31b9d2bd72957c13c5/element
[11:30:59] Retrying (Retry(total=1, connect=None, read=None, redirect=None, status=None)) after connection broken by 'NewConnectionError('<urllib3.connection.HTTPConnection object at 0x000001A99EB35840>: Failed to establish a new connection: [WinError 10061] No connection could be made because the target machine actively refused it')': /session/89d8ca15bbd70f31b9d2bd72957c13c5/element
[11:31:03] Retrying (Retry(total=0, connect=None, read=None, redirect=None, status=None)) after connection broken by 'NewConnectionError('<urllib3.connection.HTTPConnection object at 0x000001A99EB37220>: Failed to establish a new connection: [WinError 10061] No connection could be made because the target machine actively refused it')': /session/89d8ca15bbd70f31b9d2bd72957c13c5/element
[11:31:11] Retrying (Retry(total=2, connect=None, read=None, redirect=None, status=None)) after connection broken by 'NewConnectionError('<urllib3.connection.HTTPConnection object at 0x000001A99EB36530>: Failed to establish a new connection: [WinError 10061] No connection could be made because the target machine actively refused it')': /session/89d8ca15bbd70f31b9d2bd72957c13c5
[11:31:15] Retrying (Retry(total=1, connect=None, read=None, redirect=None, status=None)) after connection broken by 'NewConnectionError('<urllib3.connection.HTTPConnection object at 0x000001A99EB37490>: Failed to establish a new connection: [WinError 10061] No connection could be made because the target machine actively refused it')': /session/89d8ca15bbd70f31b9d2bd72957c13c5
[11:31:19] Retrying (Retry(total=0, connect=None, read=None, redirect=None, status=None)) after connection broken by 'NewConnectionError('<urllib3.connection.HTTPConnection object at 0x000001A99F0E2F80>: Failed to establish a new connection: [WinError 10061] No connection could be made because the target machine actively refused it')': /session/89d8ca15bbd70f31b9d2bd72957c13c5
